Locus,Parameter,MLE,2 Log Likelihood Unit Support,3 Log Likelihood Unit Support
locus 1,1,-35,[-35  -4],[-35  -3]
